[0.614s][info][exceptions] Exception <a 'java/util/MissingResourceException'{0x000000070f4f0e50}: Can't find bundle for base name com.amazon.language.resources.epubprocessor.ınfo_en, locale tr_TR>
 thrown in interpreter method <{method} {0x000000012dc7abf8} 'throwMissingResourceException' '(Ljava/lang/String;Ljava/util/Locale;Ljava/lang/Throwable;)V' in 'java/util/ResourceBundle'>
 at bci 73 for thread 0x00007ff483815800 (main)
[0.614s][info][exceptions] Exception <a 'java/util/MissingResourceException'{0x000000070f4f0e50}: Can't find bundle for base name com.amazon.language.resources.epubprocessor.ınfo_en, locale tr_TR>
 thrown in interpreter method <{method} {0x000000012dc7a138} 'getBundleImpl' '(Ljava/lang/Module;Ljava/lang/Module;Ljava/lang/String;Ljava/util/Locale;Ljava/util/ResourceBundle$Control;)Ljava/util/ResourceBundle;' in 'java/util/ResourceBundle'>
 at bci 318 for thread 0x00007ff483815800 (main)
[0.614s][info][exceptions] Exception <a 'java/util/MissingResourceException'{0x000000070f4f0e50}: Can't find bundle for base name com.amazon.language.resources.epubprocessor.ınfo_en, locale tr_TR>
 thrown in interpreter method <{method} {0x000000012dc79e98} 'getBundleImpl' '(Ljava/lang/String;Ljava/util/Locale;Ljava/lang/Class;Ljava/lang/ClassLoader;Ljava/util/ResourceBundle$Control;)Ljava/util/ResourceBundle;' in 'java/util/ResourceBundle'>
 at bci 74 for thread 0x00007ff483815800 (main)
[0.614s][info][exceptions] Exception <a 'java/util/MissingResourceException'{0x000000070f4f0e50}: Can't find bundle for base name com.amazon.language.resources.epubprocessor.ınfo_en, locale tr_TR>
 thrown in interpreter method <{method} {0x000000012dc79db8} 'getBundleImpl' '(Ljava/lang/String;Ljava/util/Locale;Ljava/lang/Class;Ljava/util/ResourceBundle$Control;)Ljava/util/ResourceBundle;' in 'java/util/ResourceBundle'>
 at bci 8 for thread 0x00007ff483815800 (main)
[0.614s][info][exceptions] Exception <a 'java/util/MissingResourceException'{0x000000070f4f0e50}: Can't find bundle for base name com.amazon.language.resources.epubprocessor.ınfo_en, locale tr_TR>
 thrown in interpreter method <{method} {0x000000012dc79660} 'getBundle' '(Ljava/lang/String;Ljava/util/ResourceBundle$Control;)Ljava/util/ResourceBundle;' in 'java/util/ResourceBundle'>
 at bci 16 for thread 0x00007ff483815800 (main)
[0.614s][info][exceptions] Exception <a 'java/util/MissingResourceException'{0x000000070f4f0e50}: Can't find bundle for base name com.amazon.language.resources.epubprocessor.ınfo_en, locale tr_TR>
 thrown in interpreter method <{method} {0x000000012dcafd78} 'd' '(Ljava/lang/String;)Ljava/util/ResourceBundle;' in 'com/amazon/G/a'>
 at bci 9 for thread 0x00007ff483815800 (main)
[0.614s][info][exceptions] Exception <a 'java/util/MissingResourceException'{0x000000070f4f0e50}: Can't find bundle for base name com.amazon.language.resources.epubprocessor.ınfo_en, locale tr_TR>
 thrown in interpreter method <{method} {0x000000012dcaf348} 'a' '(Ljava/lang/String;Ljava/lang/String;)Ljava/util/ResourceBundle;' in 'com/amazon/G/a'>
 at bci 25 for thread 0x00007ff483815800 (main)
[0.614s][info][exceptions] Exception <a 'java/util/MissingResourceException'{0x000000070f4f0e50}: Can't find bundle for base name com.amazon.language.resources.epubprocessor.ınfo_en, locale tr_TR>
 thrown in interpreter method <{method} {0x000000012dcaf348} 'a' '(Ljava/lang/String;Ljava/lang/String;)Ljava/util/ResourceBundle;' in 'com/amazon/G/a'>
 at bci 45 for thread 0x00007ff483815800 (main)
[0.614s][info][exceptions] Exception <a 'java/util/MissingResourceException'{0x000000070f4f0e50}: Can't find bundle for base name com.amazon.language.resources.epubprocessor.ınfo_en, locale tr_TR>
 thrown in interpreter method <{method} {0x000000012dcaf250} 'a' '(Lcom/amazon/i/b;Ljava/lang/String;)Ljava/util/ResourceBundle;' in 'com/amazon/G/a'>
 at bci 105 for thread 0x00007ff483815800 (main)
[0.614s][info][exceptions] Exception <a 'java/util/MissingResourceException'{0x000000070f4f0e50}: Can't find bundle for base name com.amazon.language.resources.epubprocessor.ınfo_en, locale tr_TR>
 thrown in interpreter method <{method} {0x000000012dcaf5c8} 'd' '(Lcom/amazon/i/b;)Ljava/lang/String;' in 'com/amazon/G/a'>
 at bci 6 for thread 0x00007ff483815800 (main)
[0.614s][info][exceptions] Exception <a 'java/util/MissingResourceException'{0x000000070f4f0e50}: Can't find bundle for base name com.amazon.language.resources.epubprocessor.ınfo_en, locale tr_TR>
 thrown in interpreter method <{method} {0x000000012dcaf4d8} 'a' '(Lcom/amazon/i/b;)Ljava/lang/String;' in 'com/amazon/G/a'>
 at bci 20 for thread 0x00007ff483815800 (main)
[0.614s][info][exceptions] Exception <a 'java/util/MissingResourceException'{0x000000070f4f0e50}: Can't find bundle for base name com.amazon.language.resources.epubprocessor.ınfo_en, locale tr_TR>
 thrown in interpreter method <{method} {0x000000012ffcaeb8} 'a' '(Lcom/amazon/i/b;Lcom/amazon/T/a/c;[Ljava/lang/String;)Ljava/lang/String;' in 'com/amazon/I/f'>
 at bci 9 for thread 0x00007ff483815800 (main)
[0.614s][info][exceptions] Exception <a 'java/util/MissingResourceException'{0x000000070f4f0e50}: Can't find bundle for base name com.amazon.language.resources.epubprocessor.ınfo_en, locale tr_TR>
 thrown in interpreter method <{method} {0x000000012ffcae10} 'b' '(Lcom/amazon/I/a;)Ljava/lang/String;' in 'com/amazon/I/f'>
 at bci 12 for thread 0x00007ff483815800 (main)
[0.614s][info][exceptions] Exception <a 'java/util/MissingResourceException'{0x000000070f4f0e50}: Can't find bundle for base name com.amazon.language.resources.epubprocessor.ınfo_en, locale tr_TR>
 thrown in interpreter method <{method} {0x000000012dba0560} 'a' '(Lcom/amazon/I/a;)V' in 'com/amazon/I/j'>
 at bci 21 for thread 0x00007ff483815800 (main)
[0.614s][info][exceptions] Exception <a 'java/util/MissingResourceException'{0x000000070f4f0e50}: Can't find bundle for base name com.amazon.language.resources.epubprocessor.ınfo_en, locale tr_TR>
 thrown in interpreter method <{method} {0x000000012dba03f8} 'd' '(Lcom/amazon/i/b;Lcom/amazon/T/a/c;[Ljava/lang/String;)V' in 'com/amazon/I/j'>
 at bci 39 for thread 0x00007ff483815800 (main)
[0.615s][info][exceptions] Exception <a 'java/util/MissingResourceException'{0x000000070f4f0e50}: Can't find bundle for base name com.amazon.language.resources.epubprocessor.ınfo_en, locale tr_TR>
 thrown in interpreter method <{method} {0x000000012dba0338} 'f' '(Lcom/amazon/i/b;[Ljava/lang/String;)V' in 'com/amazon/I/j'>
 at bci 4 for thread 0x00007ff483815800 (main)
[0.615s][info][exceptions] Exception <a 'java/util/MissingResourceException'{0x000000070f4f0e50}: Can't find bundle for base name com.amazon.language.resources.epubprocessor.ınfo_en, locale tr_TR>
 thrown in interpreter method <{method} {0x000000012dba00d8} 'c' '(Lcom/amazon/i/b;[Ljava/lang/String;)V' in 'com/amazon/I/j'>
 at bci 3 for thread 0x00007ff483815800 (main)
[0.615s][info][exceptions] Exception <a 'java/util/MissingResourceException'{0x000000070f4f0e50}: Can't find bundle for base name com.amazon.language.resources.epubprocessor.ınfo_en, locale tr_TR>
 thrown in interpreter method <{method} {0x000000012d9dee28} 'main' '([Ljava/lang/String;)V' in 'com/amazon/html/cleaner/app/EpubProcessorApp'>
 at bci 217 for thread 0x00007ff483815800 (main)
[0.647s][info][exceptions] Exception <a 'java/lang/NullPointerException'{0x000000070f3a4480}>
 thrown in interpreter method <{method} {0x000000012dcaf110} 'c' '(Lcom/amazon/i/b;)Ljava/util/ResourceBundle;' in 'com/amazon/G/a'>
 at bci 22 for thread 0x00007ff483815800 (main)
[0.647s][info][exceptions] Exception <a 'java/lang/NullPointerException'{0x000000070f3a4480}>
 thrown in interpreter method <{method} {0x000000012dcaf760} 'e' '(Lcom/amazon/i/b;)Ljava/lang/String;' in 'com/amazon/G/a'>
 at bci 5 for thread 0x00007ff483815800 (main)
[0.648s][info][exceptions] Exception <a 'java/util/MissingResourceException'{0x000000070f3a5b50}: Can't find bundle for base name com.amazon.language.resources.epubprocessor.ınfo_en, locale tr_TR>
 thrown in interpreter method <{method} {0x000000012dc7abf8} 'throwMissingResourceException' '(Ljava/lang/String;Ljava/util/Locale;Ljava/lang/Throwable;)V' in 'java/util/ResourceBundle'>
 at bci 73 for thread 0x00007ff483815800 (main)
[0.648s][info][exceptions] Exception <a 'java/util/MissingResourceException'{0x000000070f3a5b50}: Can't find bundle for base name com.amazon.language.resources.epubprocessor.ınfo_en, locale tr_TR>
 thrown in interpreter method <{method} {0x000000012dc7a138} 'getBundleImpl' '(Ljava/lang/Module;Ljava/lang/Module;Ljava/lang/String;Ljava/util/Locale;Ljava/util/ResourceBundle$Control;)Ljava/util/ResourceBundle;' in 'java/util/ResourceBundle'>
 at bci 318 for thread 0x00007ff483815800 (main)
[0.648s][info][exceptions] Exception <a 'java/util/MissingResourceException'{0x000000070f3a5b50}: Can't find bundle for base name com.amazon.language.resources.epubprocessor.ınfo_en, locale tr_TR>
 thrown in interpreter method <{method} {0x000000012dc79e98} 'getBundleImpl' '(Ljava/lang/String;Ljava/util/Locale;Ljava/lang/Class;Ljava/lang/ClassLoader;Ljava/util/ResourceBundle$Control;)Ljava/util/ResourceBundle;' in 'java/util/ResourceBundle'>
 at bci 74 for thread 0x00007ff483815800 (main)
[0.648s][info][exceptions] Exception <a 'java/util/MissingResourceException'{0x000000070f3a5b50}: Can't find bundle for base name com.amazon.language.resources.epubprocessor.ınfo_en, locale tr_TR>
 thrown in interpreter method <{method} {0x000000012dc79db8} 'getBundleImpl' '(Ljava/lang/String;Ljava/util/Locale;Ljava/lang/Class;Ljava/util/ResourceBundle$Control;)Ljava/util/ResourceBundle;' in 'java/util/ResourceBundle'>
 at bci 8 for thread 0x00007ff483815800 (main)
[0.648s][info][exceptions] Exception <a 'java/util/MissingResourceException'{0x000000070f3a5b50}: Can't find bundle for base name com.amazon.language.resources.epubprocessor.ınfo_en, locale tr_TR>
 thrown in interpreter method <{method} {0x000000012dc79660} 'getBundle' '(Ljava/lang/String;Ljava/util/ResourceBundle$Control;)Ljava/util/ResourceBundle;' in 'java/util/ResourceBundle'>
 at bci 16 for thread 0x00007ff483815800 (main)
[0.648s][info][exceptions] Exception <a 'java/util/MissingResourceException'{0x000000070f3a5b50}: Can't find bundle for base name com.amazon.language.resources.epubprocessor.ınfo_en, locale tr_TR>
 thrown in interpreter method <{method} {0x000000012dcafd78} 'd' '(Ljava/lang/String;)Ljava/util/ResourceBundle;' in 'com/amazon/G/a'>
 at bci 9 for thread 0x00007ff483815800 (main)
[0.648s][info][exceptions] Exception <a 'java/util/MissingResourceException'{0x000000070f3a5b50}: Can't find bundle for base name com.amazon.language.resources.epubprocessor.ınfo_en, locale tr_TR>
 thrown in interpreter method <{method} {0x000000012dcaf348} 'a' '(Ljava/lang/String;Ljava/lang/String;)Ljava/util/ResourceBundle;' in 'com/amazon/G/a'>
 at bci 25 for thread 0x00007ff483815800 (main)
[0.648s][info][exceptions] Exception <a 'java/util/MissingResourceException'{0x000000070f3a5b50}: Can't find bundle for base name com.amazon.language.resources.epubprocessor.ınfo_en, locale tr_TR>
 thrown in interpreter method <{method} {0x000000012dcaf348} 'a' '(Ljava/lang/String;Ljava/lang/String;)Ljava/util/ResourceBundle;' in 'com/amazon/G/a'>
 at bci 45 for thread 0x00007ff483815800 (main)
[0.648s][info][exceptions] Exception <a 'java/util/MissingResourceException'{0x000000070f3a5b50}: Can't find bundle for base name com.amazon.language.resources.epubprocessor.ınfo_en, locale tr_TR>
 thrown in interpreter method <{method} {0x000000012dcaf250} 'a' '(Lcom/amazon/i/b;Ljava/lang/String;)Ljava/util/ResourceBundle;' in 'com/amazon/G/a'>
 at bci 105 for thread 0x00007ff483815800 (main)
[0.648s][info][exceptions] Exception <a 'java/util/MissingResourceException'{0x000000070f3a5b50}: Can't find bundle for base name com.amazon.language.resources.epubprocessor.ınfo_en, locale tr_TR>
 thrown in interpreter method <{method} {0x000000012dcaf5c8} 'd' '(Lcom/amazon/i/b;)Ljava/lang/String;' in 'com/amazon/G/a'>
 at bci 6 for thread 0x00007ff483815800 (main)
[0.648s][info][exceptions] Exception <a 'java/util/MissingResourceException'{0x000000070f3a5b50}: Can't find bundle for base name com.amazon.language.resources.epubprocessor.ınfo_en, locale tr_TR>
 thrown in interpreter method <{method} {0x000000012dcaf4d8} 'a' '(Lcom/amazon/i/b;)Ljava/lang/String;' in 'com/amazon/G/a'>
 at bci 20 for thread 0x00007ff483815800 (main)
[0.648s][info][exceptions] Exception <a 'java/util/MissingResourceException'{0x000000070f3a5b50}: Can't find bundle for base name com.amazon.language.resources.epubprocessor.ınfo_en, locale tr_TR>
 thrown in interpreter method <{method} {0x000000012ffcaeb8} 'a' '(Lcom/amazon/i/b;Lcom/amazon/T/a/c;[Ljava/lang/String;)Ljava/lang/String;' in 'com/amazon/I/f'>
 at bci 9 for thread 0x00007ff483815800 (main)
[0.648s][info][exceptions] Exception <a 'java/util/MissingResourceException'{0x000000070f3a5b50}: Can't find bundle for base name com.amazon.language.resources.epubprocessor.ınfo_en, locale tr_TR>
 thrown in interpreter method <{method} {0x000000012ffcae10} 'b' '(Lcom/amazon/I/a;)Ljava/lang/String;' in 'com/amazon/I/f'>
 at bci 12 for thread 0x00007ff483815800 (main)
[0.648s][info][exceptions] Exception <a 'java/util/MissingResourceException'{0x000000070f3a5b50}: Can't find bundle for base name com.amazon.language.resources.epubprocessor.ınfo_en, locale tr_TR>
 thrown in interpreter method <{method} {0x000000012dba0560} 'a' '(Lcom/amazon/I/a;)V' in 'com/amazon/I/j'>
 at bci 21 for thread 0x00007ff483815800 (main)
[0.648s][info][exceptions] Exception <a 'java/util/MissingResourceException'{0x000000070f3a5b50}: Can't find bundle for base name com.amazon.language.resources.epubprocessor.ınfo_en, locale tr_TR>
 thrown in interpreter method <{method} {0x000000012dba03f8} 'd' '(Lcom/amazon/i/b;Lcom/amazon/T/a/c;[Ljava/lang/String;)V' in 'com/amazon/I/j'>
 at bci 39 for thread 0x00007ff483815800 (main)
[0.648s][info][exceptions] Exception <a 'java/util/MissingResourceException'{0x000000070f3a5b50}: Can't find bundle for base name com.amazon.language.resources.epubprocessor.ınfo_en, locale tr_TR>
 thrown in interpreter method <{method} {0x000000012dba0338} 'f' '(Lcom/amazon/i/b;[Ljava/lang/String;)V' in 'com/amazon/I/j'>
 at bci 4 for thread 0x00007ff483815800 (main)
[0.648s][info][exceptions] Exception <a 'java/util/MissingResourceException'{0x000000070f3a5b50}: Can't find bundle for base name com.amazon.language.resources.epubprocessor.ınfo_en, locale tr_TR>
 thrown in interpreter method <{method} {0x000000012dba00d8} 'c' '(Lcom/amazon/i/b;[Ljava/lang/String;)V' in 'com/amazon/I/j'>
 at bci 3 for thread 0x00007ff483815800 (main)
[0.648s][info][exceptions] Exception <a 'java/util/MissingResourceException'{0x000000070f3a5b50}: Can't find bundle for base name com.amazon.language.resources.epubprocessor.ınfo_en, locale tr_TR>
 thrown in interpreter method <{method} {0x000000012d9dee28} 'main' '([Ljava/lang/String;)V' in 'com/amazon/html/cleaner/app/EpubProcessorApp'>
 at bci 568 for thread 0x00007ff483815800 (main)
