[0.555s][info][exceptions] Exception <a 'java/lang/NullPointerException'{0x000000070f476400}>
 thrown in interpreter method <{method} {0x00000001314af110} 'c' '(Lcom/amazon/i/b;)Ljava/util/ResourceBundle;' in 'com/amazon/G/a'>
 at bci 22 for thread 0x00007fc0b800e800 (main)
[0.555s][info][exceptions] Exception <a 'java/lang/NullPointerException'{0x000000070f476400}>
 thrown in interpreter method <{method} {0x00000001314af760} 'e' '(Lcom/amazon/i/b;)Ljava/lang/String;' in 'com/amazon/G/a'>
 at bci 5 for thread 0x00007fc0b800e800 (main)
[0.574s][info][exceptions] Exception <a 'java/lang/NullPointerException'{0x000000070f4d3e28}>
 thrown in interpreter method <{method} {0x00000001314af110} 'c' '(Lcom/amazon/i/b;)Ljava/util/ResourceBundle;' in 'com/amazon/G/a'>
 at bci 22 for thread 0x00007fc0b800e800 (main)
[0.574s][info][exceptions] Exception <a 'java/lang/NullPointerException'{0x000000070f4d3e28}>
 thrown in interpreter method <{method} {0x00000001314af760} 'e' '(Lcom/amazon/i/b;)Ljava/lang/String;' in 'com/amazon/G/a'>
 at bci 5 for thread 0x00007fc0b800e800 (main)
[0.575s][info][exceptions] Exception <a 'java/lang/NullPointerException'{0x000000070f4d4880}>
 thrown in interpreter method <{method} {0x00000001314af110} 'c' '(Lcom/amazon/i/b;)Ljava/util/ResourceBundle;' in 'com/amazon/G/a'>
 at bci 22 for thread 0x00007fc0b800e800 (main)
[0.575s][info][exceptions] Exception <a 'java/lang/NullPointerException'{0x000000070f4d4880}>
 thrown in interpreter method <{method} {0x00000001314af760} 'e' '(Lcom/amazon/i/b;)Ljava/lang/String;' in 'com/amazon/G/a'>
 at bci 5 for thread 0x00007fc0b800e800 (main)
[0.620s][info][exceptions] Exception <a 'java/lang/NoSuchMethodError'{0x000000070f3ced70}: 'java.lang.Object java.lang.invoke.DirectMethodHandle$Holder.invokeStatic(java.lang.Object, java.lang.Object, java.lang.Object, java.lang.Object, java.lang.Object, java.lang.Object, java.lang.Object, java.lang.Object, java.lang.Object, java.lang.Object, java.lang.Object, java.lang.Object, java.lang.Object, java.lang.Object, java.lang.Object)'> (0x000000070f3ced70) 
thrown [/corretto/workspace/corretto11-repo/installers/mac/tar/corretto-build/buildRoot/src/src/hotspot/share/interpreter/linkResolver.cpp, line 773]
for thread 0x00007fc0b800e800
[0.623s][info][exceptions] Exception <a 'java/lang/NoSuchMethodError'{0x000000070f3dcc90}: 'java.lang.Object java.lang.invoke.DirectMethodHandle$Holder.invokeStatic(java.lang.Object, java.lang.Object, java.lang.Object, java.lang.Object, java.lang.Object, java.lang.Object, java.lang.Object, java.lang.Object, java.lang.Object, java.lang.Object, java.lang.Object, java.lang.Object, java.lang.Object, java.lang.Object, java.lang.Object, java.lang.Object)'> (0x000000070f3dcc90) 
thrown [/corretto/workspace/corretto11-repo/installers/mac/tar/corretto-build/buildRoot/src/src/hotspot/share/interpreter/linkResolver.cpp, line 773]
for thread 0x00007fc0b800e800
[0.626s][info][exceptions] Exception <a 'java/lang/NoSuchMethodError'{0x000000070f3ea900}: 'java.lang.Object java.lang.invoke.DirectMethodHandle$Holder.invokeSpecial(java.lang.Object, java.lang.Object, int, int, java.lang.Object, java.lang.Object, java.lang.Object)'> (0x000000070f3ea900) 
thrown [/corretto/workspace/corretto11-repo/installers/mac/tar/corretto-build/buildRoot/src/src/hotspot/share/interpreter/linkResolver.cpp, line 773]
for thread 0x00007fc0b800e800
[0.626s][info][exceptions] Exception <a 'java/lang/NoSuchMethodError'{0x000000070f3ede90}: 'java.lang.Object java.lang.invoke.DelegatingMethodHandle$Holder.reinvoke_L(java.lang.Object, int, int, java.lang.Object, java.lang.Object, java.lang.Object)'> (0x000000070f3ede90) 
thrown [/corretto/workspace/corretto11-repo/installers/mac/tar/corretto-build/buildRoot/src/src/hotspot/share/interpreter/linkResolver.cpp, line 773]
for thread 0x00007fc0b800e800
[0.628s][info][exceptions] Exception <a 'java/lang/NoSuchMethodError'{0x000000070f3f2218}: 'java.lang.Object java.lang.invoke.DirectMethodHandle$Holder.invokeStatic(java.lang.Object, java.lang.Object, java.lang.Object, java.lang.Object, int)'> (0x000000070f3f2218) 
thrown [/corretto/workspace/corretto11-repo/installers/mac/tar/corretto-build/buildRoot/src/src/hotspot/share/interpreter/linkResolver.cpp, line 773]
for thread 0x00007fc0b800e800
[0.681s][info][exceptions] Exception <a 'com/sun/org/apache/xerces/internal/impl/XMLEntityScanner$1'{0x000000070f26f2c0}>
 thrown in interpreter method <{method} {0x00000001119d4520} 'load' '(IZZ)Z' in 'com/sun/org/apache/xerces/internal/impl/XMLEntityScanner'>
 at bci 171 for thread 0x00007fc0b800e800 (main)
[0.681s][info][exceptions] Exception <a 'com/sun/org/apache/xerces/internal/impl/XMLEntityScanner$1'{0x000000070f26f2c0}>
 thrown in interpreter method <{method} {0x00000001119d3f98} 'skipSpaces' '()Z' in 'com/sun/org/apache/xerces/internal/impl/XMLEntityScanner'>
 at bci 148 for thread 0x00007fc0b800e800 (main)
[0.681s][info][exceptions] Exception <a 'com/sun/org/apache/xerces/internal/impl/XMLEntityScanner$1'{0x000000070f26f2c0}>
 thrown in interpreter method <{method} {0x0000000111a01e48} 'next' '()I' in 'com/sun/org/apache/xerces/internal/impl/XMLDocumentScannerImpl$TrailingMiscDriver'>
 at bci 75 for thread 0x00007fc0b800e800 (main)
[0.795s][info][exceptions] Exception <a 'com/sun/org/apache/xerces/internal/impl/XMLEntityScanner$1'{0x000000070f26f2c0}>
 thrown in interpreter method <{method} {0x00000001119d4520} 'load' '(IZZ)Z' in 'com/sun/org/apache/xerces/internal/impl/XMLEntityScanner'>
 at bci 171 for thread 0x00007fc0b800e800 (main)
[0.795s][info][exceptions] Exception <a 'com/sun/org/apache/xerces/internal/impl/XMLEntityScanner$1'{0x000000070f26f2c0}>
 thrown in compiled method <{method} {0x00000001119d3f98} 'skipSpaces' '()Z' in 'com/sun/org/apache/xerces/internal/impl/XMLEntityScanner'>
 at PC0x00000001174d6ccc for thread 0x00007fc0b800e800
[0.795s][info][exceptions] Thread 0x00007fc0b800e800 continuing at PC 0x00000001174d734f for exception thrown at PC 0x00000001174d6ccc
[0.795s][info][exceptions] Exception <a 'com/sun/org/apache/xerces/internal/impl/XMLEntityScanner$1'{0x000000070f26f2c0}>
 thrown in interpreter method <{method} {0x0000000111a01e48} 'next' '()I' in 'com/sun/org/apache/xerces/internal/impl/XMLDocumentScannerImpl$TrailingMiscDriver'>
 at bci 75 for thread 0x00007fc0b800e800 (main)
[0.831s][info][exceptions] Exception <a 'com/sun/org/apache/xerces/internal/impl/XMLEntityScanner$1'{0x000000070f26f2c0}>
 thrown in interpreter method <{method} {0x00000001119d4520} 'load' '(IZZ)Z' in 'com/sun/org/apache/xerces/internal/impl/XMLEntityScanner'>
 at bci 171 for thread 0x00007fc0b800e800 (main)
[0.831s][info][exceptions] Exception <a 'com/sun/org/apache/xerces/internal/impl/XMLEntityScanner$1'{0x000000070f26f2c0}>
 thrown in interpreter method <{method} {0x0000000111a01e48} 'next' '()I' in 'com/sun/org/apache/xerces/internal/impl/XMLDocumentScannerImpl$TrailingMiscDriver'>
 at bci 75 for thread 0x00007fc0b800e800 (main)
[0.854s][info][exceptions] Exception <a 'java/lang/NullPointerException'{0x000000070ecd20b8}>
 thrown in interpreter method <{method} {0x00000001314af110} 'c' '(Lcom/amazon/i/b;)Ljava/util/ResourceBundle;' in 'com/amazon/G/a'>
 at bci 22 for thread 0x00007fc0b800e800 (main)
[0.854s][info][exceptions] Exception <a 'java/lang/NullPointerException'{0x000000070ecd20b8}>
 thrown in interpreter method <{method} {0x00000001314af760} 'e' '(Lcom/amazon/i/b;)Ljava/lang/String;' in 'com/amazon/G/a'>
 at bci 5 for thread 0x00007fc0b800e800 (main)
[0.996s][info][exceptions] Exception <a 'java/lang/NullPointerException'{0x000000070b0fd108}>
 thrown in interpreter method <{method} {0x00000001314af110} 'c' '(Lcom/amazon/i/b;)Ljava/util/ResourceBundle;' in 'com/amazon/G/a'>
 at bci 22 for thread 0x00007fc0b800e800 (main)
[0.996s][info][exceptions] Exception <a 'java/lang/NullPointerException'{0x000000070b0fd108}>
 thrown in interpreter method <{method} {0x00000001314af760} 'e' '(Lcom/amazon/i/b;)Ljava/lang/String;' in 'com/amazon/G/a'>
 at bci 5 for thread 0x00007fc0b800e800 (main)
[1.022s][info][exceptions] Exception <a 'java/lang/NullPointerException'{0x000000070af8d950}>
 thrown in interpreter method <{method} {0x00000001314af110} 'c' '(Lcom/amazon/i/b;)Ljava/util/ResourceBundle;' in 'com/amazon/G/a'>
 at bci 22 for thread 0x00007fc0b800e800 (main)
[1.022s][info][exceptions] Exception <a 'java/lang/NullPointerException'{0x000000070af8d950}>
 thrown in interpreter method <{method} {0x00000001314af760} 'e' '(Lcom/amazon/i/b;)Ljava/lang/String;' in 'com/amazon/G/a'>
 at bci 5 for thread 0x00007fc0b800e800 (main)
[1.024s][info][exceptions] Exception <a 'java/lang/NoSuchMethodException'{0x000000070af979d8}: sun.security.provider.NativePRNG.<init>(java.security.SecureRandomParameters)>
 thrown in interpreter method <{method} {0x0000000130de29a0} 'getConstructor0' '([Ljava/lang/Class;I)Ljava/lang/reflect/Constructor;' in 'java/lang/Class'>
 at bci 82 for thread 0x00007fc0b800e800 (main)
[1.024s][info][exceptions] Exception <a 'java/lang/NoSuchMethodException'{0x000000070af979d8}: sun.security.provider.NativePRNG.<init>(java.security.SecureRandomParameters)>
 thrown in interpreter method <{method} {0x0000000130de0948} 'getConstructor' '([Ljava/lang/Class;)Ljava/lang/reflect/Constructor;' in 'java/lang/Class'>
 at bci 24 for thread 0x00007fc0b800e800 (main)
[1.024s][info][exceptions] Exception <a 'java/lang/NoSuchMethodException'{0x000000070af979d8}: sun.security.provider.NativePRNG.<init>(java.security.SecureRandomParameters)>
 thrown in interpreter method <{method} {0x0000000131173e10} 'newInstanceUtil' '(Ljava/lang/Class;Ljava/lang/Class;Ljava/lang/Object;)Ljava/lang/Object;' in 'java/security/Provider'>
 at bci 31 for thread 0x00007fc0b800e800 (main)
[1.061s][info][exceptions] Exception <a 'java/lang/NoSuchMethodError'{0x000000070ad02868}: 'int java.lang.invoke.DirectMethodHandle$Holder.invokeSpecialIFC(java.lang.Object, java.lang.Object, int)'> (0x000000070ad02868) 
thrown [/corretto/workspace/corretto11-repo/installers/mac/tar/corretto-build/buildRoot/src/src/hotspot/share/interpreter/linkResolver.cpp, line 773]
for thread 0x00007fc0b800e800
[1.074s][info][exceptions] Exception <a 'java/lang/NoSuchMethodError'{0x000000070ad9ccc0}: 'void java.lang.invoke.DirectMethodHandle$Holder.invokeStaticInit(java.lang.Object, java.lang.Object)'> (0x000000070ad9ccc0) 
thrown [/corretto/workspace/corretto11-repo/installers/mac/tar/corretto-build/buildRoot/src/src/hotspot/share/interpreter/linkResolver.cpp, line 773]
for thread 0x00007fc0b800e800
[1.078s][info][exceptions] Exception <a 'java/lang/NoSuchMethodError'{0x000000070adb0b18}: 'void java.lang.invoke.DirectMethodHandle$Holder.invokeStaticInit(java.lang.Object, java.lang.Object, java.lang.Object)'> (0x000000070adb0b18) 
thrown [/corretto/workspace/corretto11-repo/installers/mac/tar/corretto-build/buildRoot/src/src/hotspot/share/interpreter/linkResolver.cpp, line 773]
for thread 0x00007fc0b800e800
[1.150s][info][exceptions] Exception <a 'java/lang/NoSuchMethodError'{0x000000070a95b350}: 'int java.lang.invoke.DirectMethodHandle$Holder.invokeStaticInit(java.lang.Object, java.lang.Object, java.lang.Object)'> (0x000000070a95b350) 
thrown [/corretto/workspace/corretto11-repo/installers/mac/tar/corretto-build/buildRoot/src/src/hotspot/share/interpreter/linkResolver.cpp, line 773]
for thread 0x00007fc0b800e800
[1.815s][info][exceptions] Exception <a 'sun/nio/fs/UnixException'{0x000000070ea7fdc0}> (0x000000070ea7fdc0) 
thrown [/corretto/workspace/corretto11-repo/installers/mac/tar/corretto-build/buildRoot/src/src/hotspot/share/prims/jni.cpp, line 615]
for thread 0x00007fc0b800e800
[1.815s][info][exceptions] Exception <a 'sun/nio/fs/UnixException'{0x000000070ea7fdc0}>
 thrown in interpreter method <{method} {0x00000001310b80f0} 'lstat0' '(JLsun/nio/fs/UnixFileAttributes;)V' in 'sun/nio/fs/UnixNativeDispatcher'>
 at bci 0 for thread 0x00007fc0b800e800 (main)
[1.815s][info][exceptions] Exception <a 'sun/nio/fs/UnixException'{0x000000070ea7fdc0}>
 thrown in interpreter method <{method} {0x00000001310b8058} 'lstat' '(Lsun/nio/fs/UnixPath;Lsun/nio/fs/UnixFileAttributes;)V' in 'sun/nio/fs/UnixNativeDispatcher'>
 at bci 10 for thread 0x00007fc0b800e800 (main)
[1.815s][info][exceptions] Exception <a 'sun/nio/fs/UnixException'{0x000000070ea7fdc0}>
 thrown in interpreter method <{method} {0x00000001310b8058} 'lstat' '(Lsun/nio/fs/UnixPath;Lsun/nio/fs/UnixFileAttributes;)V' in 'sun/nio/fs/UnixNativeDispatcher'>
 at bci 26 for thread 0x00007fc0b800e800 (main)
[1.815s][info][exceptions] Exception <a 'sun/nio/fs/UnixException'{0x000000070ea7fdc0}>
 thrown in interpreter method <{method} {0x00000001310c0ca8} 'get' '(Lsun/nio/fs/UnixPath;Z)Lsun/nio/fs/UnixFileAttributes;' in 'sun/nio/fs/UnixFileAttributes'>
 at bci 22 for thread 0x00007fc0b800e800 (main)
[1.815s][info][exceptions] Exception <a 'sun/nio/fs/UnixException'{0x000000070ea7fdc0}>
 thrown in interpreter method <{method} {0x0000000134092e78} 'copy' '(Lsun/nio/fs/UnixPath;Lsun/nio/fs/UnixPath;[Ljava/nio/file/CopyOption;)V' in 'sun/nio/fs/UnixCopyFile'>
 at bci 78 for thread 0x00007fc0b800e800 (main)
[1.820s][info][exceptions] Exception <a 'java/lang/NullPointerException'{0x000000070ea8bae0}>
 thrown in interpreter method <{method} {0x00000001314af110} 'c' '(Lcom/amazon/i/b;)Ljava/util/ResourceBundle;' in 'com/amazon/G/a'>
 at bci 22 for thread 0x00007fc0b800e800 (main)
[1.820s][info][exceptions] Exception <a 'java/lang/NullPointerException'{0x000000070ea8bae0}>
 thrown in interpreter method <{method} {0x00000001314af760} 'e' '(Lcom/amazon/i/b;)Ljava/lang/String;' in 'com/amazon/G/a'>
 at bci 5 for thread 0x00007fc0b800e800 (main)
[1.953s][info][exceptions] Exception <a 'java/lang/NullPointerException'{0x000000070e93ae80}>
 thrown in interpreter method <{method} {0x00000001314af110} 'c' '(Lcom/amazon/i/b;)Ljava/util/ResourceBundle;' in 'com/amazon/G/a'>
 at bci 22 for thread 0x00007fc0b800e800 (main)
[1.953s][info][exceptions] Exception <a 'java/lang/NullPointerException'{0x000000070e93ae80}>
 thrown in interpreter method <{method} {0x00000001314af760} 'e' '(Lcom/amazon/i/b;)Ljava/lang/String;' in 'com/amazon/G/a'>
 at bci 5 for thread 0x00007fc0b800e800 (main)
[1.953s][info][exceptions] Exception <a 'java/lang/NullPointerException'{0x000000070e93b840}>
 thrown in interpreter method <{method} {0x00000001314af110} 'c' '(Lcom/amazon/i/b;)Ljava/util/ResourceBundle;' in 'com/amazon/G/a'>
 at bci 22 for thread 0x00007fc0b800e800 (main)
[1.953s][info][exceptions] Exception <a 'java/lang/NullPointerException'{0x000000070e93b840}>
 thrown in interpreter method <{method} {0x00000001314af760} 'e' '(Lcom/amazon/i/b;)Ljava/lang/String;' in 'com/amazon/G/a'>
 at bci 5 for thread 0x00007fc0b800e800 (main)
