[0.517s][info][exceptions] Exception <a 'java/lang/NoSuchMethodError'{0x000000070f77e7b0}: 'int java.lang.invoke.DirectMethodHandle$Holder.invokeSpecialIFC(java.lang.Object, java.lang.Object, int)'> (0x000000070f77e7b0) 
thrown [/corretto/workspace/corretto11-repo/installers/mac/tar/corretto-build/buildRoot/src/src/hotspot/share/interpreter/linkResolver.cpp, line 773]
for thread 0x00007fa52d013000
[0.523s][info][exceptions] Exception <a 'java/lang/ClassNotFoundException'{0x000000070f793ee0}: sun.reflect.Reflection>
 thrown in interpreter method <{method} {0x0000000130e86408} 'loadClass' '(Ljava/lang/String;Z)Ljava/lang/Class;' in 'jdk/internal/loader/BuiltinClassLoader'>
 at bci 19 for thread 0x00007fa52d013000 (main)
[0.523s][info][exceptions] Exception <a 'java/lang/ClassNotFoundException'{0x000000070f793ee0}: sun.reflect.Reflection>
 thrown in interpreter method <{method} {0x0000000130e83868} 'loadClass' '(Ljava/lang/String;Z)Ljava/lang/Class;' in 'jdk/internal/loader/ClassLoaders$AppClassLoader'>
 at bci 36 for thread 0x00007fa52d013000 (main)
[0.523s][info][exceptions] Exception <a 'java/lang/ClassNotFoundException'{0x000000070f793ee0}: sun.reflect.Reflection>
 thrown in interpreter method <{method} {0x0000000130de7cf0} 'loadClass' '(Ljava/lang/String;)Ljava/lang/Class;' in 'java/lang/ClassLoader'>
 at bci 3 for thread 0x00007fa52d013000 (main)
[0.523s][info][exceptions] Exception <a 'java/lang/ClassNotFoundException'{0x000000070f793ee0}: sun.reflect.Reflection>
 thrown in interpreter method <{method} {0x0000000130ddde80} 'forName0' '(Ljava/lang/String;ZLjava/lang/ClassLoader;Ljava/lang/Class;)Ljava/lang/Class;' in 'java/lang/Class'>
 at bci 0 for thread 0x00007fa52d013000 (main)
[0.523s][info][exceptions] Exception <a 'java/lang/ClassNotFoundException'{0x000000070f793ee0}: sun.reflect.Reflection>
 thrown in interpreter method <{method} {0x0000000130ddddd0} 'forName' '(Ljava/lang/String;ZLjava/lang/ClassLoader;)Ljava/lang/Class;' in 'java/lang/Class'>
 at bci 43 for thread 0x00007fa52d013000 (main)
[0.523s][info][exceptions] Exception <a 'java/lang/ClassNotFoundException'{0x000000070f793ee0}: sun.reflect.Reflection>
 thrown in interpreter method <{method} {0x00000001314b6510} '<clinit>' '()V' in 'org/apache/logging/log4j/util/StackLocator'>
 at bci 18 for thread 0x00007fa52d013000 (main)
[0.534s][info][exceptions] Exception <a 'java/lang/NoSuchMethodError'{0x000000070f623610}: 'int java.lang.invoke.DirectMethodHandle$Holder.invokeStaticInit(java.lang.Object)'> (0x000000070f623610) 
thrown [/corretto/workspace/corretto11-repo/installers/mac/tar/corretto-build/buildRoot/src/src/hotspot/share/interpreter/linkResolver.cpp, line 773]
for thread 0x00007fa52d013000
[0.551s][info][exceptions] Exception <a 'java/lang/ClassNotFoundException'{0x000000070f660a70}: org.osgi.framework.FrameworkUtil>
 thrown in interpreter method <{method} {0x0000000130e86408} 'loadClass' '(Ljava/lang/String;Z)Ljava/lang/Class;' in 'jdk/internal/loader/BuiltinClassLoader'>
 at bci 19 for thread 0x00007fa52d013000 (main)
[0.551s][info][exceptions] Exception <a 'java/lang/ClassNotFoundException'{0x000000070f660a70}: org.osgi.framework.FrameworkUtil>
 thrown in interpreter method <{method} {0x0000000130e83868} 'loadClass' '(Ljava/lang/String;Z)Ljava/lang/Class;' in 'jdk/internal/loader/ClassLoaders$AppClassLoader'>
 at bci 36 for thread 0x00007fa52d013000 (main)
[0.551s][info][exceptions] Exception <a 'java/lang/ClassNotFoundException'{0x000000070f660a70}: org.osgi.framework.FrameworkUtil>
 thrown in interpreter method <{method} {0x0000000130de7cf0} 'loadClass' '(Ljava/lang/String;)Ljava/lang/Class;' in 'java/lang/ClassLoader'>
 at bci 3 for thread 0x00007fa52d013000 (main)
[0.551s][info][exceptions] Exception <a 'java/lang/ClassNotFoundException'{0x000000070f660a70}: org.osgi.framework.FrameworkUtil>
 thrown in interpreter method <{method} {0x0000000130ddde80} 'forName0' '(Ljava/lang/String;ZLjava/lang/ClassLoader;Ljava/lang/Class;)Ljava/lang/Class;' in 'java/lang/Class'>
 at bci 0 for thread 0x00007fa52d013000 (main)
[0.551s][info][exceptions] Exception <a 'java/lang/ClassNotFoundException'{0x000000070f660a70}: org.osgi.framework.FrameworkUtil>
 thrown in interpreter method <{method} {0x0000000130dddce8} 'forName' '(Ljava/lang/String;)Ljava/lang/Class;' in 'java/lang/Class'>
 at bci 11 for thread 0x00007fa52d013000 (main)
[0.551s][info][exceptions] Exception <a 'java/lang/ClassNotFoundException'{0x000000070f660a70}: org.osgi.framework.FrameworkUtil>
 thrown in interpreter method <{method} {0x00000001337a4bf0} 'checkOsgiAvailable' '()Z' in 'org/apache/logging/log4j/util/OsgiServiceLocator'>
 at bci 2 for thread 0x00007fa52d013000 (main)
[0.563s][info][exceptions] Exception <a 'java/lang/ClassNotFoundException'{0x000000070f6d0528}: javax.servlet.Servlet>
 thrown in interpreter method <{method} {0x0000000130e86408} 'loadClass' '(Ljava/lang/String;Z)Ljava/lang/Class;' in 'jdk/internal/loader/BuiltinClassLoader'>
 at bci 19 for thread 0x00007fa52d013000 (main)
[0.563s][info][exceptions] Exception <a 'java/lang/ClassNotFoundException'{0x000000070f6d0528}: javax.servlet.Servlet>
 thrown in interpreter method <{method} {0x0000000130e83868} 'loadClass' '(Ljava/lang/String;Z)Ljava/lang/Class;' in 'jdk/internal/loader/ClassLoaders$AppClassLoader'>
 at bci 36 for thread 0x00007fa52d013000 (main)
[0.563s][info][exceptions] Exception <a 'java/lang/ClassNotFoundException'{0x000000070f6d0528}: javax.servlet.Servlet>
 thrown in interpreter method <{method} {0x0000000130de7cf0} 'loadClass' '(Ljava/lang/String;)Ljava/lang/Class;' in 'java/lang/ClassLoader'>
 at bci 3 for thread 0x00007fa52d013000 (main)
[0.563s][info][exceptions] Exception <a 'java/lang/ClassNotFoundException'{0x000000070f6d0528}: javax.servlet.Servlet>
 thrown in interpreter method <{method} {0x0000000130ddde80} 'forName0' '(Ljava/lang/String;ZLjava/lang/ClassLoader;Ljava/lang/Class;)Ljava/lang/Class;' in 'java/lang/Class'>
 at bci 0 for thread 0x00007fa52d013000 (main)
[0.563s][info][exceptions] Exception <a 'java/lang/ClassNotFoundException'{0x000000070f6d0528}: javax.servlet.Servlet>
 thrown in interpreter method <{method} {0x0000000130ddddd0} 'forName' '(Ljava/lang/String;ZLjava/lang/ClassLoader;)Ljava/lang/Class;' in 'java/lang/Class'>
 at bci 43 for thread 0x00007fa52d013000 (main)
[0.563s][info][exceptions] Exception <a 'java/lang/ClassNotFoundException'{0x000000070f6d0528}: javax.servlet.Servlet>
 thrown in interpreter method <{method} {0x00000001315bd180} 'loadClass' '(Ljava/lang/String;)Ljava/lang/Class;' in 'org/apache/logging/log4j/util/LoaderUtil'>
 at bci 27 for thread 0x00007fa52d013000 (main)
[0.563s][info][exceptions] Exception <a 'java/lang/ClassNotFoundException'{0x000000070f6d0528}: javax.servlet.Servlet>
 thrown in interpreter method <{method} {0x00000001337ab4a0} 'isClassAvailable' '(Ljava/lang/String;)Z' in 'org/apache/logging/log4j/util/Constants'>
 at bci 1 for thread 0x00007fa52d013000 (main)
[0.563s][info][exceptions] Exception <a 'java/lang/ClassNotFoundException'{0x000000070f6d1ef8}: jakarta.servlet.Servlet>
 thrown in interpreter method <{method} {0x0000000130e86408} 'loadClass' '(Ljava/lang/String;Z)Ljava/lang/Class;' in 'jdk/internal/loader/BuiltinClassLoader'>
 at bci 19 for thread 0x00007fa52d013000 (main)
[0.563s][info][exceptions] Exception <a 'java/lang/ClassNotFoundException'{0x000000070f6d1ef8}: jakarta.servlet.Servlet>
 thrown in interpreter method <{method} {0x0000000130e83868} 'loadClass' '(Ljava/lang/String;Z)Ljava/lang/Class;' in 'jdk/internal/loader/ClassLoaders$AppClassLoader'>
 at bci 36 for thread 0x00007fa52d013000 (main)
[0.563s][info][exceptions] Exception <a 'java/lang/ClassNotFoundException'{0x000000070f6d1ef8}: jakarta.servlet.Servlet>
 thrown in interpreter method <{method} {0x0000000130de7cf0} 'loadClass' '(Ljava/lang/String;)Ljava/lang/Class;' in 'java/lang/ClassLoader'>
 at bci 3 for thread 0x00007fa52d013000 (main)
[0.563s][info][exceptions] Exception <a 'java/lang/ClassNotFoundException'{0x000000070f6d1ef8}: jakarta.servlet.Servlet>
 thrown in interpreter method <{method} {0x0000000130ddde80} 'forName0' '(Ljava/lang/String;ZLjava/lang/ClassLoader;Ljava/lang/Class;)Ljava/lang/Class;' in 'java/lang/Class'>
 at bci 0 for thread 0x00007fa52d013000 (main)
[0.563s][info][exceptions] Exception <a 'java/lang/ClassNotFoundException'{0x000000070f6d1ef8}: jakarta.servlet.Servlet>
 thrown in interpreter method <{method} {0x0000000130ddddd0} 'forName' '(Ljava/lang/String;ZLjava/lang/ClassLoader;)Ljava/lang/Class;' in 'java/lang/Class'>
 at bci 43 for thread 0x00007fa52d013000 (main)
[0.563s][info][exceptions] Exception <a 'java/lang/ClassNotFoundException'{0x000000070f6d1ef8}: jakarta.servlet.Servlet>
 thrown in interpreter method <{method} {0x00000001315bd180} 'loadClass' '(Ljava/lang/String;)Ljava/lang/Class;' in 'org/apache/logging/log4j/util/LoaderUtil'>
 at bci 27 for thread 0x00007fa52d013000 (main)
[0.563s][info][exceptions] Exception <a 'java/lang/ClassNotFoundException'{0x000000070f6d1ef8}: jakarta.servlet.Servlet>
 thrown in interpreter method <{method} {0x00000001337ab4a0} 'isClassAvailable' '(Ljava/lang/String;)Z' in 'org/apache/logging/log4j/util/Constants'>
 at bci 1 for thread 0x00007fa52d013000 (main)
[0.584s][info][exceptions] Exception <a 'java/lang/NoSuchMethodError'{0x000000070f5b7850}: 'java.lang.Object java.lang.invoke.Invokers$Holder.linkToTargetMethod(java.lang.Object, java.lang.Object, int, int, java.lang.Object, java.lang.Object)'> (0x000000070f5b7850) 
thrown [/corretto/workspace/corretto11-repo/installers/mac/tar/corretto-build/buildRoot/src/src/hotspot/share/interpreter/linkResolver.cpp, line 773]
for thread 0x00007fa52d013000
[0.585s][info][exceptions] Exception <a 'java/lang/ClassNotFoundException'{0x000000070f5bc5b0}: com.amazon.logging.AlwaysTimeBasedTriggeringPolicy>
 thrown in interpreter method <{method} {0x0000000130e86408} 'loadClass' '(Ljava/lang/String;Z)Ljava/lang/Class;' in 'jdk/internal/loader/BuiltinClassLoader'>
 at bci 19 for thread 0x00007fa52d013000 (main)
[0.585s][info][exceptions] Exception <a 'java/lang/ClassNotFoundException'{0x000000070f5bc5b0}: com.amazon.logging.AlwaysTimeBasedTriggeringPolicy>
 thrown in interpreter method <{method} {0x0000000130e83868} 'loadClass' '(Ljava/lang/String;Z)Ljava/lang/Class;' in 'jdk/internal/loader/ClassLoaders$AppClassLoader'>
 at bci 36 for thread 0x00007fa52d013000 (main)
[0.585s][info][exceptions] Exception <a 'java/lang/ClassNotFoundException'{0x000000070f5bc5b0}: com.amazon.logging.AlwaysTimeBasedTriggeringPolicy>
 thrown in interpreter method <{method} {0x0000000130de7cf0} 'loadClass' '(Ljava/lang/String;)Ljava/lang/Class;' in 'java/lang/ClassLoader'>
 at bci 3 for thread 0x00007fa52d013000 (main)
[0.585s][info][exceptions] Exception <a 'java/lang/ClassNotFoundException'{0x000000070f5bc5b0}: com.amazon.logging.AlwaysTimeBasedTriggeringPolicy>
 thrown in interpreter method <{method} {0x00000001337df760} 'decodeCacheFiles' '(Ljava/lang/ClassLoader;)Ljava/util/Map;' in 'org/apache/logging/log4j/core/config/plugins/util/PluginRegistry'>
 at bci 234 for thread 0x00007fa52d013000 (main)
[0.585s][info][exceptions] Exception <a 'java/lang/ClassNotFoundException'{0x000000070f5be620}: com.amazon.logging.AmazonRollingRandomAccessFileAppender>
 thrown in interpreter method <{method} {0x0000000130e86408} 'loadClass' '(Ljava/lang/String;Z)Ljava/lang/Class;' in 'jdk/internal/loader/BuiltinClassLoader'>
 at bci 19 for thread 0x00007fa52d013000 (main)
[0.585s][info][exceptions] Exception <a 'java/lang/ClassNotFoundException'{0x000000070f5be620}: com.amazon.logging.AmazonRollingRandomAccessFileAppender>
 thrown in interpreter method <{method} {0x0000000130e83868} 'loadClass' '(Ljava/lang/String;Z)Ljava/lang/Class;' in 'jdk/internal/loader/ClassLoaders$AppClassLoader'>
 at bci 36 for thread 0x00007fa52d013000 (main)
[0.585s][info][exceptions] Exception <a 'java/lang/ClassNotFoundException'{0x000000070f5be620}: com.amazon.logging.AmazonRollingRandomAccessFileAppender>
 thrown in interpreter method <{method} {0x0000000130de7cf0} 'loadClass' '(Ljava/lang/String;)Ljava/lang/Class;' in 'java/lang/ClassLoader'>
 at bci 3 for thread 0x00007fa52d013000 (main)
[0.585s][info][exceptions] Exception <a 'java/lang/ClassNotFoundException'{0x000000070f5be620}: com.amazon.logging.AmazonRollingRandomAccessFileAppender>
 thrown in interpreter method <{method} {0x00000001337df760} 'decodeCacheFiles' '(Ljava/lang/ClassLoader;)Ljava/util/Map;' in 'org/apache/logging/log4j/core/config/plugins/util/PluginRegistry'>
 at bci 234 for thread 0x00007fa52d013000 (main)
[0.585s][info][exceptions] Exception <a 'java/lang/ClassNotFoundException'{0x000000070f5c0330}: com.amazon.logging.DoNothingRolloverStrategy>
 thrown in interpreter method <{method} {0x0000000130e86408} 'loadClass' '(Ljava/lang/String;Z)Ljava/lang/Class;' in 'jdk/internal/loader/BuiltinClassLoader'>
 at bci 19 for thread 0x00007fa52d013000 (main)
[0.585s][info][exceptions] Exception <a 'java/lang/ClassNotFoundException'{0x000000070f5c0330}: com.amazon.logging.DoNothingRolloverStrategy>
 thrown in interpreter method <{method} {0x0000000130e83868} 'loadClass' '(Ljava/lang/String;Z)Ljava/lang/Class;' in 'jdk/internal/loader/ClassLoaders$AppClassLoader'>
 at bci 36 for thread 0x00007fa52d013000 (main)
[0.585s][info][exceptions] Exception <a 'java/lang/ClassNotFoundException'{0x000000070f5c0330}: com.amazon.logging.DoNothingRolloverStrategy>
 thrown in interpreter method <{method} {0x0000000130de7cf0} 'loadClass' '(Ljava/lang/String;)Ljava/lang/Class;' in 'java/lang/ClassLoader'>
 at bci 3 for thread 0x00007fa52d013000 (main)
[0.585s][info][exceptions] Exception <a 'java/lang/ClassNotFoundException'{0x000000070f5c0330}: com.amazon.logging.DoNothingRolloverStrategy>
 thrown in interpreter method <{method} {0x00000001337df760} 'decodeCacheFiles' '(Ljava/lang/ClassLoader;)Ljava/util/Map;' in 'org/apache/logging/log4j/core/config/plugins/util/PluginRegistry'>
 at bci 234 for thread 0x00007fa52d013000 (main)
[0.585s][info][exceptions] Exception <a 'java/lang/ClassNotFoundException'{0x000000070f5c1ea8}: com.amazon.logging.ThrottlingPolicy>
 thrown in interpreter method <{method} {0x0000000130e86408} 'loadClass' '(Ljava/lang/String;Z)Ljava/lang/Class;' in 'jdk/internal/loader/BuiltinClassLoader'>
 at bci 19 for thread 0x00007fa52d013000 (main)
[0.585s][info][exceptions] Exception <a 'java/lang/ClassNotFoundException'{0x000000070f5c1ea8}: com.amazon.logging.ThrottlingPolicy>
 thrown in interpreter method <{method} {0x0000000130e83868} 'loadClass' '(Ljava/lang/String;Z)Ljava/lang/Class;' in 'jdk/internal/loader/ClassLoaders$AppClassLoader'>
 at bci 36 for thread 0x00007fa52d013000 (main)
[0.585s][info][exceptions] Exception <a 'java/lang/ClassNotFoundException'{0x000000070f5c1ea8}: com.amazon.logging.ThrottlingPolicy>
 thrown in interpreter method <{method} {0x0000000130de7cf0} 'loadClass' '(Ljava/lang/String;)Ljava/lang/Class;' in 'java/lang/ClassLoader'>
 at bci 3 for thread 0x00007fa52d013000 (main)
[0.585s][info][exceptions] Exception <a 'java/lang/ClassNotFoundException'{0x000000070f5c1ea8}: com.amazon.logging.ThrottlingPolicy>
 thrown in interpreter method <{method} {0x00000001337df760} 'decodeCacheFiles' '(Ljava/lang/ClassLoader;)Ljava/util/Map;' in 'org/apache/logging/log4j/core/config/plugins/util/PluginRegistry'>
 at bci 234 for thread 0x00007fa52d013000 (main)
[0.714s][info][exceptions] Exception <a 'java/lang/NoSuchMethodException'{0x000000070ee37be0}: com.amazon.kaf.c.aB$R.getValueStr()>
 thrown in interpreter method <{method} {0x0000000130de0e78} 'getDeclaredMethod' '(Ljava/lang/String;[Ljava/lang/Class;)Ljava/lang/reflect/Method;' in 'java/lang/Class'>
 at bci 53 for thread 0x00007fa52d013000 (main)
[0.714s][info][exceptions] Exception <a 'java/lang/NoSuchMethodException'{0x000000070ee37be0}: com.amazon.kaf.c.aB$R.getValueStr()>
 thrown in interpreter method <{method} {0x000000013395fe48} '<init>' '(Ljava/lang/Class;)V' in 'com/amazon/kaf/c/c'>
 at bci 89 for thread 0x00007fa52d013000 (main)
[0.761s][info][exceptions] Exception <a 'java/lang/NoSuchMethodException'{0x000000070eede2c8}: com.amazon.kaf.c.b.getValueStr()>
 thrown in interpreter method <{method} {0x0000000130de0e78} 'getDeclaredMethod' '(Ljava/lang/String;[Ljava/lang/Class;)Ljava/lang/reflect/Method;' in 'java/lang/Class'>
 at bci 53 for thread 0x00007fa52d013000 (main)
[0.761s][info][exceptions] Exception <a 'java/lang/NoSuchMethodException'{0x000000070eede2c8}: com.amazon.kaf.c.b.getValueStr()>
 thrown in interpreter method <{method} {0x000000013395fe48} '<init>' '(Ljava/lang/Class;)V' in 'com/amazon/kaf/c/c'>
 at bci 89 for thread 0x00007fa52d013000 (main)
